/software.9/software/Anaconda3/2024.02-1/lib/python3.11/site-packages/conda/base/context.py:201: FutureWarning: Adding 'defaults' to channel list implicitly is deprecated and will be removed in 25.3. 

To remove this warning, please choose a default channel explicitly with conda's regular configuration system, e.g. by adding 'defaults' to the list of channels:

  conda config --add channels defaults

For more information see https://docs.conda.io/projects/conda/en/stable/user-guide/configuration/use-condarc.html

  deprecated.topic(
/storage/homefs/je18n046/thesis/pasa/utils.py:35: ResourceWarning: unclosed file <_io.TextIOWrapper name='data/paper_database/id2paper.json' mode='r' encoding='UTF-8'>
  id2paper     = json.load(open("data/paper_database/id2paper.json"))
ResourceWarning: Enable tracemalloc to get the object allocation traceback
Loading checkpoint shards:   0%|          | 0/4 [00:00<?, ?it/s]Loading checkpoint shards:  25%|██▌       | 1/4 [00:13<00:41, 13.69s/it]Loading checkpoint shards:  50%|█████     | 2/4 [00:32<00:33, 16.65s/it]Loading checkpoint shards:  75%|███████▌  | 3/4 [00:49<00:16, 16.99s/it]Loading checkpoint shards: 100%|██████████| 4/4 [00:52<00:00, 11.22s/it]Loading checkpoint shards: 100%|██████████| 4/4 [00:52<00:00, 13.09s/it]
/storage/homefs/je18n046/thesis/pasa/product_agent.py:47: ResourceWarning: unclosed file <_io.TextIOWrapper name='agent_prompt.json' mode='r' encoding='UTF-8'>
  self.prompts    = json.load(open(prompts_path))
ResourceWarning: Enable tracemalloc to get the object allocation traceback
/storage/homefs/je18n046/thesis/pasa/product_agent.py:47: ResourceWarning: unclosed file <_io.TextIOWrapper name='agent_prompt.json' mode='r' encoding='UTF-8'>
  self.prompts    = json.load(open(prompts_path))
ResourceWarning: Enable tracemalloc to get the object allocation traceback
/storage/homefs/je18n046/thesis/pasa/transformers/src/transformers/generation/configuration_utils.py:590: UserWarning: `do_sample` is set to `False`. However, `temperature` is set to `0.7` -- this flag is only used in sample-based generation modes. You should set `do_sample=True` or unset `temperature`.
  warnings.warn(
/storage/homefs/je18n046/thesis/pasa/transformers/src/transformers/generation/configuration_utils.py:595: UserWarning: `do_sample` is set to `False`. However, `top_p` is set to `0.8` -- this flag is only used in sample-based generation modes. You should set `do_sample=True` or unset `top_p`.
  warnings.warn(
/storage/homefs/je18n046/thesis/pasa/transformers/src/transformers/generation/configuration_utils.py:612: UserWarning: `do_sample` is set to `False`. However, `top_k` is set to `20` -- this flag is only used in sample-based generation modes. You should set `do_sample=True` or unset `top_k`.
  warnings.warn(
From v4.47 onwards, when a model cache is to be returned, `generate` will return a `Cache` instance instead by default (as opposed to the legacy tuple of tuples format). If you want to keep returning the legacy format, please set `return_legacy_cache=True`.
/storage/homefs/je18n046/thesis/pasa/transformers/src/transformers/generation/configuration_utils.py:590: UserWarning: `do_sample` is set to `False`. However, `temperature` is set to `0.7` -- this flag is only used in sample-based generation modes. You should set `do_sample=True` or unset `temperature`.
  warnings.warn(
/storage/homefs/je18n046/thesis/pasa/transformers/src/transformers/generation/configuration_utils.py:595: UserWarning: `do_sample` is set to `False`. However, `top_p` is set to `0.8` -- this flag is only used in sample-based generation modes. You should set `do_sample=True` or unset `top_p`.
  warnings.warn(
/storage/homefs/je18n046/thesis/pasa/transformers/src/transformers/generation/configuration_utils.py:612: UserWarning: `do_sample` is set to `False`. However, `top_k` is set to `20` -- this flag is only used in sample-based generation modes. You should set `do_sample=True` or unset `top_k`.
  warnings.warn(
/storage/homefs/je18n046/thesis/pasa/transformers/src/transformers/generation/configuration_utils.py:590: UserWarning: `do_sample` is set to `False`. However, `temperature` is set to `0.7` -- this flag is only used in sample-based generation modes. You should set `do_sample=True` or unset `temperature`.
  warnings.warn(
/storage/homefs/je18n046/thesis/pasa/transformers/src/transformers/generation/configuration_utils.py:595: UserWarning: `do_sample` is set to `False`. However, `top_p` is set to `0.8` -- this flag is only used in sample-based generation modes. You should set `do_sample=True` or unset `top_p`.
  warnings.warn(
/storage/homefs/je18n046/thesis/pasa/transformers/src/transformers/generation/configuration_utils.py:612: UserWarning: `do_sample` is set to `False`. However, `top_k` is set to `20` -- this flag is only used in sample-based generation modes. You should set `do_sample=True` or unset `top_k`.
  warnings.warn(
/storage/homefs/je18n046/thesis/pasa/product_agent.py:47: ResourceWarning: unclosed file <_io.TextIOWrapper name='agent_prompt.json' mode='r' encoding='UTF-8'>
  self.prompts    = json.load(open(prompts_path))
ResourceWarning: Enable tracemalloc to get the object allocation traceback
/storage/homefs/je18n046/thesis/pasa/transformers/src/transformers/generation/configuration_utils.py:590: UserWarning: `do_sample` is set to `False`. However, `temperature` is set to `0.7` -- this flag is only used in sample-based generation modes. You should set `do_sample=True` or unset `temperature`.
  warnings.warn(
/storage/homefs/je18n046/thesis/pasa/transformers/src/transformers/generation/configuration_utils.py:595: UserWarning: `do_sample` is set to `False`. However, `top_p` is set to `0.8` -- this flag is only used in sample-based generation modes. You should set `do_sample=True` or unset `top_p`.
  warnings.warn(
/storage/homefs/je18n046/thesis/pasa/transformers/src/transformers/generation/configuration_utils.py:612: UserWarning: `do_sample` is set to `False`. However, `top_k` is set to `20` -- this flag is only used in sample-based generation modes. You should set `do_sample=True` or unset `top_k`.
  warnings.warn(
/storage/homefs/je18n046/thesis/pasa/transformers/src/transformers/generation/configuration_utils.py:590: UserWarning: `do_sample` is set to `False`. However, `temperature` is set to `0.7` -- this flag is only used in sample-based generation modes. You should set `do_sample=True` or unset `temperature`.
  warnings.warn(
/storage/homefs/je18n046/thesis/pasa/transformers/src/transformers/generation/configuration_utils.py:595: UserWarning: `do_sample` is set to `False`. However, `top_p` is set to `0.8` -- this flag is only used in sample-based generation modes. You should set `do_sample=True` or unset `top_p`.
  warnings.warn(
/storage/homefs/je18n046/thesis/pasa/transformers/src/transformers/generation/configuration_utils.py:612: UserWarning: `do_sample` is set to `False`. However, `top_k` is set to `20` -- this flag is only used in sample-based generation modes. You should set `do_sample=True` or unset `top_k`.
  warnings.warn(
/storage/homefs/je18n046/thesis/pasa/transformers/src/transformers/generation/configuration_utils.py:590: UserWarning: `do_sample` is set to `False`. However, `temperature` is set to `0.7` -- this flag is only used in sample-based generation modes. You should set `do_sample=True` or unset `temperature`.
  warnings.warn(
/storage/homefs/je18n046/thesis/pasa/transformers/src/transformers/generation/configuration_utils.py:595: UserWarning: `do_sample` is set to `False`. However, `top_p` is set to `0.8` -- this flag is only used in sample-based generation modes. You should set `do_sample=True` or unset `top_p`.
  warnings.warn(
/storage/homefs/je18n046/thesis/pasa/transformers/src/transformers/generation/configuration_utils.py:612: UserWarning: `do_sample` is set to `False`. However, `top_k` is set to `20` -- this flag is only used in sample-based generation modes. You should set `do_sample=True` or unset `top_k`.
  warnings.warn(
/storage/homefs/je18n046/thesis/pasa/product_agent.py:47: ResourceWarning: unclosed file <_io.TextIOWrapper name='agent_prompt.json' mode='r' encoding='UTF-8'>
  self.prompts    = json.load(open(prompts_path))
ResourceWarning: Enable tracemalloc to get the object allocation traceback
/storage/homefs/je18n046/thesis/pasa/transformers/src/transformers/generation/configuration_utils.py:590: UserWarning: `do_sample` is set to `False`. However, `temperature` is set to `0.7` -- this flag is only used in sample-based generation modes. You should set `do_sample=True` or unset `temperature`.
  warnings.warn(
/storage/homefs/je18n046/thesis/pasa/transformers/src/transformers/generation/configuration_utils.py:595: UserWarning: `do_sample` is set to `False`. However, `top_p` is set to `0.8` -- this flag is only used in sample-based generation modes. You should set `do_sample=True` or unset `top_p`.
  warnings.warn(
/storage/homefs/je18n046/thesis/pasa/transformers/src/transformers/generation/configuration_utils.py:612: UserWarning: `do_sample` is set to `False`. However, `top_k` is set to `20` -- this flag is only used in sample-based generation modes. You should set `do_sample=True` or unset `top_k`.
  warnings.warn(
/storage/homefs/je18n046/thesis/pasa/transformers/src/transformers/generation/configuration_utils.py:590: UserWarning: `do_sample` is set to `False`. However, `temperature` is set to `0.7` -- this flag is only used in sample-based generation modes. You should set `do_sample=True` or unset `temperature`.
  warnings.warn(
/storage/homefs/je18n046/thesis/pasa/transformers/src/transformers/generation/configuration_utils.py:595: UserWarning: `do_sample` is set to `False`. However, `top_p` is set to `0.8` -- this flag is only used in sample-based generation modes. You should set `do_sample=True` or unset `top_p`.
  warnings.warn(
/storage/homefs/je18n046/thesis/pasa/transformers/src/transformers/generation/configuration_utils.py:612: UserWarning: `do_sample` is set to `False`. However, `top_k` is set to `20` -- this flag is only used in sample-based generation modes. You should set `do_sample=True` or unset `top_k`.
  warnings.warn(
/storage/homefs/je18n046/thesis/pasa/transformers/src/transformers/generation/configuration_utils.py:590: UserWarning: `do_sample` is set to `False`. However, `temperature` is set to `0.7` -- this flag is only used in sample-based generation modes. You should set `do_sample=True` or unset `temperature`.
  warnings.warn(
/storage/homefs/je18n046/thesis/pasa/transformers/src/transformers/generation/configuration_utils.py:595: UserWarning: `do_sample` is set to `False`. However, `top_p` is set to `0.8` -- this flag is only used in sample-based generation modes. You should set `do_sample=True` or unset `top_p`.
  warnings.warn(
/storage/homefs/je18n046/thesis/pasa/transformers/src/transformers/generation/configuration_utils.py:612: UserWarning: `do_sample` is set to `False`. However, `top_k` is set to `20` -- this flag is only used in sample-based generation modes. You should set `do_sample=True` or unset `top_k`.
  warnings.warn(
/storage/homefs/je18n046/thesis/pasa/product_agent.py:47: ResourceWarning: unclosed file <_io.TextIOWrapper name='agent_prompt.json' mode='r' encoding='UTF-8'>
  self.prompts    = json.load(open(prompts_path))
ResourceWarning: Enable tracemalloc to get the object allocation traceback
/storage/homefs/je18n046/thesis/pasa/transformers/src/transformers/generation/configuration_utils.py:590: UserWarning: `do_sample` is set to `False`. However, `temperature` is set to `0.7` -- this flag is only used in sample-based generation modes. You should set `do_sample=True` or unset `temperature`.
  warnings.warn(
/storage/homefs/je18n046/thesis/pasa/transformers/src/transformers/generation/configuration_utils.py:595: UserWarning: `do_sample` is set to `False`. However, `top_p` is set to `0.8` -- this flag is only used in sample-based generation modes. You should set `do_sample=True` or unset `top_p`.
  warnings.warn(
/storage/homefs/je18n046/thesis/pasa/transformers/src/transformers/generation/configuration_utils.py:612: UserWarning: `do_sample` is set to `False`. However, `top_k` is set to `20` -- this flag is only used in sample-based generation modes. You should set `do_sample=True` or unset `top_k`.
  warnings.warn(
/storage/homefs/je18n046/thesis/pasa/transformers/src/transformers/generation/configuration_utils.py:590: UserWarning: `do_sample` is set to `False`. However, `temperature` is set to `0.7` -- this flag is only used in sample-based generation modes. You should set `do_sample=True` or unset `temperature`.
  warnings.warn(
/storage/homefs/je18n046/thesis/pasa/transformers/src/transformers/generation/configuration_utils.py:595: UserWarning: `do_sample` is set to `False`. However, `top_p` is set to `0.8` -- this flag is only used in sample-based generation modes. You should set `do_sample=True` or unset `top_p`.
  warnings.warn(
/storage/homefs/je18n046/thesis/pasa/transformers/src/transformers/generation/configuration_utils.py:612: UserWarning: `do_sample` is set to `False`. However, `top_k` is set to `20` -- this flag is only used in sample-based generation modes. You should set `do_sample=True` or unset `top_k`.
  warnings.warn(
/storage/homefs/je18n046/thesis/pasa/transformers/src/transformers/generation/configuration_utils.py:590: UserWarning: `do_sample` is set to `False`. However, `temperature` is set to `0.7` -- this flag is only used in sample-based generation modes. You should set `do_sample=True` or unset `temperature`.
  warnings.warn(
/storage/homefs/je18n046/thesis/pasa/transformers/src/transformers/generation/configuration_utils.py:595: UserWarning: `do_sample` is set to `False`. However, `top_p` is set to `0.8` -- this flag is only used in sample-based generation modes. You should set `do_sample=True` or unset `top_p`.
  warnings.warn(
/storage/homefs/je18n046/thesis/pasa/transformers/src/transformers/generation/configuration_utils.py:612: UserWarning: `do_sample` is set to `False`. However, `top_k` is set to `20` -- this flag is only used in sample-based generation modes. You should set `do_sample=True` or unset `top_k`.
  warnings.warn(
/storage/homefs/je18n046/thesis/pasa/product_agent.py:47: ResourceWarning: unclosed file <_io.TextIOWrapper name='agent_prompt.json' mode='r' encoding='UTF-8'>
  self.prompts    = json.load(open(prompts_path))
ResourceWarning: Enable tracemalloc to get the object allocation traceback
/storage/homefs/je18n046/thesis/pasa/transformers/src/transformers/generation/configuration_utils.py:590: UserWarning: `do_sample` is set to `False`. However, `temperature` is set to `0.7` -- this flag is only used in sample-based generation modes. You should set `do_sample=True` or unset `temperature`.
  warnings.warn(
/storage/homefs/je18n046/thesis/pasa/transformers/src/transformers/generation/configuration_utils.py:595: UserWarning: `do_sample` is set to `False`. However, `top_p` is set to `0.8` -- this flag is only used in sample-based generation modes. You should set `do_sample=True` or unset `top_p`.
  warnings.warn(
/storage/homefs/je18n046/thesis/pasa/transformers/src/transformers/generation/configuration_utils.py:612: UserWarning: `do_sample` is set to `False`. However, `top_k` is set to `20` -- this flag is only used in sample-based generation modes. You should set `do_sample=True` or unset `top_k`.
  warnings.warn(
/storage/homefs/je18n046/thesis/pasa/transformers/src/transformers/generation/configuration_utils.py:590: UserWarning: `do_sample` is set to `False`. However, `temperature` is set to `0.7` -- this flag is only used in sample-based generation modes. You should set `do_sample=True` or unset `temperature`.
  warnings.warn(
/storage/homefs/je18n046/thesis/pasa/transformers/src/transformers/generation/configuration_utils.py:595: UserWarning: `do_sample` is set to `False`. However, `top_p` is set to `0.8` -- this flag is only used in sample-based generation modes. You should set `do_sample=True` or unset `top_p`.
  warnings.warn(
/storage/homefs/je18n046/thesis/pasa/transformers/src/transformers/generation/configuration_utils.py:612: UserWarning: `do_sample` is set to `False`. However, `top_k` is set to `20` -- this flag is only used in sample-based generation modes. You should set `do_sample=True` or unset `top_k`.
  warnings.warn(
/storage/homefs/je18n046/thesis/pasa/transformers/src/transformers/generation/configuration_utils.py:590: UserWarning: `do_sample` is set to `False`. However, `temperature` is set to `0.7` -- this flag is only used in sample-based generation modes. You should set `do_sample=True` or unset `temperature`.
  warnings.warn(
/storage/homefs/je18n046/thesis/pasa/transformers/src/transformers/generation/configuration_utils.py:595: UserWarning: `do_sample` is set to `False`. However, `top_p` is set to `0.8` -- this flag is only used in sample-based generation modes. You should set `do_sample=True` or unset `top_p`.
  warnings.warn(
/storage/homefs/je18n046/thesis/pasa/transformers/src/transformers/generation/configuration_utils.py:612: UserWarning: `do_sample` is set to `False`. However, `top_k` is set to `20` -- this flag is only used in sample-based generation modes. You should set `do_sample=True` or unset `top_k`.
  warnings.warn(
/storage/homefs/je18n046/thesis/pasa/product_agent.py:47: ResourceWarning: unclosed file <_io.TextIOWrapper name='agent_prompt.json' mode='r' encoding='UTF-8'>
  self.prompts    = json.load(open(prompts_path))
ResourceWarning: Enable tracemalloc to get the object allocation traceback
/storage/homefs/je18n046/thesis/pasa/transformers/src/transformers/generation/configuration_utils.py:590: UserWarning: `do_sample` is set to `False`. However, `temperature` is set to `0.7` -- this flag is only used in sample-based generation modes. You should set `do_sample=True` or unset `temperature`.
  warnings.warn(
/storage/homefs/je18n046/thesis/pasa/transformers/src/transformers/generation/configuration_utils.py:595: UserWarning: `do_sample` is set to `False`. However, `top_p` is set to `0.8` -- this flag is only used in sample-based generation modes. You should set `do_sample=True` or unset `top_p`.
  warnings.warn(
/storage/homefs/je18n046/thesis/pasa/transformers/src/transformers/generation/configuration_utils.py:612: UserWarning: `do_sample` is set to `False`. However, `top_k` is set to `20` -- this flag is only used in sample-based generation modes. You should set `do_sample=True` or unset `top_k`.
  warnings.warn(
/storage/homefs/je18n046/thesis/pasa/transformers/src/transformers/generation/configuration_utils.py:590: UserWarning: `do_sample` is set to `False`. However, `temperature` is set to `0.7` -- this flag is only used in sample-based generation modes. You should set `do_sample=True` or unset `temperature`.
  warnings.warn(
/storage/homefs/je18n046/thesis/pasa/transformers/src/transformers/generation/configuration_utils.py:595: UserWarning: `do_sample` is set to `False`. However, `top_p` is set to `0.8` -- this flag is only used in sample-based generation modes. You should set `do_sample=True` or unset `top_p`.
  warnings.warn(
/storage/homefs/je18n046/thesis/pasa/transformers/src/transformers/generation/configuration_utils.py:612: UserWarning: `do_sample` is set to `False`. However, `top_k` is set to `20` -- this flag is only used in sample-based generation modes. You should set `do_sample=True` or unset `top_k`.
  warnings.warn(
/storage/homefs/je18n046/thesis/pasa/transformers/src/transformers/generation/configuration_utils.py:590: UserWarning: `do_sample` is set to `False`. However, `temperature` is set to `0.7` -- this flag is only used in sample-based generation modes. You should set `do_sample=True` or unset `temperature`.
  warnings.warn(
/storage/homefs/je18n046/thesis/pasa/transformers/src/transformers/generation/configuration_utils.py:595: UserWarning: `do_sample` is set to `False`. However, `top_p` is set to `0.8` -- this flag is only used in sample-based generation modes. You should set `do_sample=True` or unset `top_p`.
  warnings.warn(
/storage/homefs/je18n046/thesis/pasa/transformers/src/transformers/generation/configuration_utils.py:612: UserWarning: `do_sample` is set to `False`. However, `top_k` is set to `20` -- this flag is only used in sample-based generation modes. You should set `do_sample=True` or unset `top_k`.
  warnings.warn(
/storage/homefs/je18n046/thesis/pasa/product_agent.py:47: ResourceWarning: unclosed file <_io.TextIOWrapper name='agent_prompt.json' mode='r' encoding='UTF-8'>
  self.prompts    = json.load(open(prompts_path))
ResourceWarning: Enable tracemalloc to get the object allocation traceback
/storage/homefs/je18n046/thesis/pasa/transformers/src/transformers/generation/configuration_utils.py:590: UserWarning: `do_sample` is set to `False`. However, `temperature` is set to `0.7` -- this flag is only used in sample-based generation modes. You should set `do_sample=True` or unset `temperature`.
  warnings.warn(
/storage/homefs/je18n046/thesis/pasa/transformers/src/transformers/generation/configuration_utils.py:595: UserWarning: `do_sample` is set to `False`. However, `top_p` is set to `0.8` -- this flag is only used in sample-based generation modes. You should set `do_sample=True` or unset `top_p`.
  warnings.warn(
/storage/homefs/je18n046/thesis/pasa/transformers/src/transformers/generation/configuration_utils.py:612: UserWarning: `do_sample` is set to `False`. However, `top_k` is set to `20` -- this flag is only used in sample-based generation modes. You should set `do_sample=True` or unset `top_k`.
  warnings.warn(
Exception in thread Thread-22 (search_product):
Traceback (most recent call last):
  File "/storage/homefs/je18n046/.conda/envs/msgai-project/lib/python3.10/threading.py", line 1016, in _bootstrap_inner
    self.run()
  File "/storage/homefs/je18n046/.conda/envs/msgai-project/lib/python3.10/threading.py", line 953, in run
    self._target(*self._args, **self._kwargs)
  File "/storage/homefs/je18n046/thesis/pasa/product_agent.py", line 97, in search_product
    select_prompts = [
  File "/storage/homefs/je18n046/thesis/pasa/product_agent.py", line 99, in <listcomp>
    title=prod["title"],
KeyError: 'title'
/storage/homefs/je18n046/thesis/pasa/transformers/src/transformers/generation/configuration_utils.py:590: UserWarning: `do_sample` is set to `False`. However, `temperature` is set to `0.7` -- this flag is only used in sample-based generation modes. You should set `do_sample=True` or unset `temperature`.
  warnings.warn(
/storage/homefs/je18n046/thesis/pasa/transformers/src/transformers/generation/configuration_utils.py:595: UserWarning: `do_sample` is set to `False`. However, `top_p` is set to `0.8` -- this flag is only used in sample-based generation modes. You should set `do_sample=True` or unset `top_p`.
  warnings.warn(
/storage/homefs/je18n046/thesis/pasa/transformers/src/transformers/generation/configuration_utils.py:612: UserWarning: `do_sample` is set to `False`. However, `top_k` is set to `20` -- this flag is only used in sample-based generation modes. You should set `do_sample=True` or unset `top_k`.
  warnings.warn(
/storage/homefs/je18n046/thesis/pasa/product_agent.py:47: ResourceWarning: unclosed file <_io.TextIOWrapper name='agent_prompt.json' mode='r' encoding='UTF-8'>
  self.prompts    = json.load(open(prompts_path))
ResourceWarning: Enable tracemalloc to get the object allocation traceback
/storage/homefs/je18n046/thesis/pasa/transformers/src/transformers/generation/configuration_utils.py:590: UserWarning: `do_sample` is set to `False`. However, `temperature` is set to `0.7` -- this flag is only used in sample-based generation modes. You should set `do_sample=True` or unset `temperature`.
  warnings.warn(
/storage/homefs/je18n046/thesis/pasa/transformers/src/transformers/generation/configuration_utils.py:595: UserWarning: `do_sample` is set to `False`. However, `top_p` is set to `0.8` -- this flag is only used in sample-based generation modes. You should set `do_sample=True` or unset `top_p`.
  warnings.warn(
/storage/homefs/je18n046/thesis/pasa/transformers/src/transformers/generation/configuration_utils.py:612: UserWarning: `do_sample` is set to `False`. However, `top_k` is set to `20` -- this flag is only used in sample-based generation modes. You should set `do_sample=True` or unset `top_k`.
  warnings.warn(
/storage/homefs/je18n046/thesis/pasa/transformers/src/transformers/generation/configuration_utils.py:590: UserWarning: `do_sample` is set to `False`. However, `temperature` is set to `0.7` -- this flag is only used in sample-based generation modes. You should set `do_sample=True` or unset `temperature`.
  warnings.warn(
/storage/homefs/je18n046/thesis/pasa/transformers/src/transformers/generation/configuration_utils.py:595: UserWarning: `do_sample` is set to `False`. However, `top_p` is set to `0.8` -- this flag is only used in sample-based generation modes. You should set `do_sample=True` or unset `top_p`.
  warnings.warn(
/storage/homefs/je18n046/thesis/pasa/transformers/src/transformers/generation/configuration_utils.py:612: UserWarning: `do_sample` is set to `False`. However, `top_k` is set to `20` -- this flag is only used in sample-based generation modes. You should set `do_sample=True` or unset `top_k`.
  warnings.warn(
/storage/homefs/je18n046/thesis/pasa/product_agent.py:47: ResourceWarning: unclosed file <_io.TextIOWrapper name='agent_prompt.json' mode='r' encoding='UTF-8'>
  self.prompts    = json.load(open(prompts_path))
ResourceWarning: Enable tracemalloc to get the object allocation traceback
/storage/homefs/je18n046/thesis/pasa/transformers/src/transformers/generation/configuration_utils.py:590: UserWarning: `do_sample` is set to `False`. However, `temperature` is set to `0.7` -- this flag is only used in sample-based generation modes. You should set `do_sample=True` or unset `temperature`.
  warnings.warn(
/storage/homefs/je18n046/thesis/pasa/transformers/src/transformers/generation/configuration_utils.py:595: UserWarning: `do_sample` is set to `False`. However, `top_p` is set to `0.8` -- this flag is only used in sample-based generation modes. You should set `do_sample=True` or unset `top_p`.
  warnings.warn(
/storage/homefs/je18n046/thesis/pasa/transformers/src/transformers/generation/configuration_utils.py:612: UserWarning: `do_sample` is set to `False`. However, `top_k` is set to `20` -- this flag is only used in sample-based generation modes. You should set `do_sample=True` or unset `top_k`.
  warnings.warn(
/storage/homefs/je18n046/thesis/pasa/transformers/src/transformers/generation/configuration_utils.py:590: UserWarning: `do_sample` is set to `False`. However, `temperature` is set to `0.7` -- this flag is only used in sample-based generation modes. You should set `do_sample=True` or unset `temperature`.
  warnings.warn(
/storage/homefs/je18n046/thesis/pasa/transformers/src/transformers/generation/configuration_utils.py:595: UserWarning: `do_sample` is set to `False`. However, `top_p` is set to `0.8` -- this flag is only used in sample-based generation modes. You should set `do_sample=True` or unset `top_p`.
  warnings.warn(
/storage/homefs/je18n046/thesis/pasa/transformers/src/transformers/generation/configuration_utils.py:612: UserWarning: `do_sample` is set to `False`. However, `top_k` is set to `20` -- this flag is only used in sample-based generation modes. You should set `do_sample=True` or unset `top_k`.
  warnings.warn(
/storage/homefs/je18n046/thesis/pasa/transformers/src/transformers/generation/configuration_utils.py:590: UserWarning: `do_sample` is set to `False`. However, `temperature` is set to `0.7` -- this flag is only used in sample-based generation modes. You should set `do_sample=True` or unset `temperature`.
  warnings.warn(
/storage/homefs/je18n046/thesis/pasa/transformers/src/transformers/generation/configuration_utils.py:595: UserWarning: `do_sample` is set to `False`. However, `top_p` is set to `0.8` -- this flag is only used in sample-based generation modes. You should set `do_sample=True` or unset `top_p`.
  warnings.warn(
/storage/homefs/je18n046/thesis/pasa/transformers/src/transformers/generation/configuration_utils.py:612: UserWarning: `do_sample` is set to `False`. However, `top_k` is set to `20` -- this flag is only used in sample-based generation modes. You should set `do_sample=True` or unset `top_k`.
  warnings.warn(
/storage/homefs/je18n046/thesis/pasa/product_agent.py:47: ResourceWarning: unclosed file <_io.TextIOWrapper name='agent_prompt.json' mode='r' encoding='UTF-8'>
  self.prompts    = json.load(open(prompts_path))
ResourceWarning: Enable tracemalloc to get the object allocation traceback
/storage/homefs/je18n046/thesis/pasa/transformers/src/transformers/generation/configuration_utils.py:590: UserWarning: `do_sample` is set to `False`. However, `temperature` is set to `0.7` -- this flag is only used in sample-based generation modes. You should set `do_sample=True` or unset `temperature`.
  warnings.warn(
/storage/homefs/je18n046/thesis/pasa/transformers/src/transformers/generation/configuration_utils.py:595: UserWarning: `do_sample` is set to `False`. However, `top_p` is set to `0.8` -- this flag is only used in sample-based generation modes. You should set `do_sample=True` or unset `top_p`.
  warnings.warn(
/storage/homefs/je18n046/thesis/pasa/transformers/src/transformers/generation/configuration_utils.py:612: UserWarning: `do_sample` is set to `False`. However, `top_k` is set to `20` -- this flag is only used in sample-based generation modes. You should set `do_sample=True` or unset `top_k`.
  warnings.warn(
/storage/homefs/je18n046/thesis/pasa/transformers/src/transformers/generation/configuration_utils.py:590: UserWarning: `do_sample` is set to `False`. However, `temperature` is set to `0.7` -- this flag is only used in sample-based generation modes. You should set `do_sample=True` or unset `temperature`.
  warnings.warn(
/storage/homefs/je18n046/thesis/pasa/transformers/src/transformers/generation/configuration_utils.py:595: UserWarning: `do_sample` is set to `False`. However, `top_p` is set to `0.8` -- this flag is only used in sample-based generation modes. You should set `do_sample=True` or unset `top_p`.
  warnings.warn(
/storage/homefs/je18n046/thesis/pasa/transformers/src/transformers/generation/configuration_utils.py:612: UserWarning: `do_sample` is set to `False`. However, `top_k` is set to `20` -- this flag is only used in sample-based generation modes. You should set `do_sample=True` or unset `top_k`.
  warnings.warn(
/storage/homefs/je18n046/thesis/pasa/transformers/src/transformers/generation/configuration_utils.py:590: UserWarning: `do_sample` is set to `False`. However, `temperature` is set to `0.7` -- this flag is only used in sample-based generation modes. You should set `do_sample=True` or unset `temperature`.
  warnings.warn(
/storage/homefs/je18n046/thesis/pasa/transformers/src/transformers/generation/configuration_utils.py:595: UserWarning: `do_sample` is set to `False`. However, `top_p` is set to `0.8` -- this flag is only used in sample-based generation modes. You should set `do_sample=True` or unset `top_p`.
  warnings.warn(
/storage/homefs/je18n046/thesis/pasa/transformers/src/transformers/generation/configuration_utils.py:612: UserWarning: `do_sample` is set to `False`. However, `top_k` is set to `20` -- this flag is only used in sample-based generation modes. You should set `do_sample=True` or unset `top_k`.
  warnings.warn(
/storage/homefs/je18n046/thesis/pasa/product_agent.py:47: ResourceWarning: unclosed file <_io.TextIOWrapper name='agent_prompt.json' mode='r' encoding='UTF-8'>
  self.prompts    = json.load(open(prompts_path))
ResourceWarning: Enable tracemalloc to get the object allocation traceback
/storage/homefs/je18n046/thesis/pasa/transformers/src/transformers/generation/configuration_utils.py:590: UserWarning: `do_sample` is set to `False`. However, `temperature` is set to `0.7` -- this flag is only used in sample-based generation modes. You should set `do_sample=True` or unset `temperature`.
  warnings.warn(
/storage/homefs/je18n046/thesis/pasa/transformers/src/transformers/generation/configuration_utils.py:595: UserWarning: `do_sample` is set to `False`. However, `top_p` is set to `0.8` -- this flag is only used in sample-based generation modes. You should set `do_sample=True` or unset `top_p`.
  warnings.warn(
/storage/homefs/je18n046/thesis/pasa/transformers/src/transformers/generation/configuration_utils.py:612: UserWarning: `do_sample` is set to `False`. However, `top_k` is set to `20` -- this flag is only used in sample-based generation modes. You should set `do_sample=True` or unset `top_k`.
  warnings.warn(
/storage/homefs/je18n046/thesis/pasa/transformers/src/transformers/generation/configuration_utils.py:590: UserWarning: `do_sample` is set to `False`. However, `temperature` is set to `0.7` -- this flag is only used in sample-based generation modes. You should set `do_sample=True` or unset `temperature`.
  warnings.warn(
/storage/homefs/je18n046/thesis/pasa/transformers/src/transformers/generation/configuration_utils.py:595: UserWarning: `do_sample` is set to `False`. However, `top_p` is set to `0.8` -- this flag is only used in sample-based generation modes. You should set `do_sample=True` or unset `top_p`.
  warnings.warn(
/storage/homefs/je18n046/thesis/pasa/transformers/src/transformers/generation/configuration_utils.py:612: UserWarning: `do_sample` is set to `False`. However, `top_k` is set to `20` -- this flag is only used in sample-based generation modes. You should set `do_sample=True` or unset `top_k`.
  warnings.warn(
/storage/homefs/je18n046/thesis/pasa/transformers/src/transformers/generation/configuration_utils.py:590: UserWarning: `do_sample` is set to `False`. However, `temperature` is set to `0.7` -- this flag is only used in sample-based generation modes. You should set `do_sample=True` or unset `temperature`.
  warnings.warn(
/storage/homefs/je18n046/thesis/pasa/transformers/src/transformers/generation/configuration_utils.py:595: UserWarning: `do_sample` is set to `False`. However, `top_p` is set to `0.8` -- this flag is only used in sample-based generation modes. You should set `do_sample=True` or unset `top_p`.
  warnings.warn(
/storage/homefs/je18n046/thesis/pasa/transformers/src/transformers/generation/configuration_utils.py:612: UserWarning: `do_sample` is set to `False`. However, `top_k` is set to `20` -- this flag is only used in sample-based generation modes. You should set `do_sample=True` or unset `top_k`.
  warnings.warn(
/storage/homefs/je18n046/thesis/pasa/product_agent.py:47: ResourceWarning: unclosed file <_io.TextIOWrapper name='agent_prompt.json' mode='r' encoding='UTF-8'>
  self.prompts    = json.load(open(prompts_path))
ResourceWarning: Enable tracemalloc to get the object allocation traceback
/storage/homefs/je18n046/thesis/pasa/transformers/src/transformers/generation/configuration_utils.py:590: UserWarning: `do_sample` is set to `False`. However, `temperature` is set to `0.7` -- this flag is only used in sample-based generation modes. You should set `do_sample=True` or unset `temperature`.
  warnings.warn(
/storage/homefs/je18n046/thesis/pasa/transformers/src/transformers/generation/configuration_utils.py:595: UserWarning: `do_sample` is set to `False`. However, `top_p` is set to `0.8` -- this flag is only used in sample-based generation modes. You should set `do_sample=True` or unset `top_p`.
  warnings.warn(
/storage/homefs/je18n046/thesis/pasa/transformers/src/transformers/generation/configuration_utils.py:612: UserWarning: `do_sample` is set to `False`. However, `top_k` is set to `20` -- this flag is only used in sample-based generation modes. You should set `do_sample=True` or unset `top_k`.
  warnings.warn(
/storage/homefs/je18n046/thesis/pasa/transformers/src/transformers/generation/configuration_utils.py:590: UserWarning: `do_sample` is set to `False`. However, `temperature` is set to `0.7` -- this flag is only used in sample-based generation modes. You should set `do_sample=True` or unset `temperature`.
  warnings.warn(
/storage/homefs/je18n046/thesis/pasa/transformers/src/transformers/generation/configuration_utils.py:595: UserWarning: `do_sample` is set to `False`. However, `top_p` is set to `0.8` -- this flag is only used in sample-based generation modes. You should set `do_sample=True` or unset `top_p`.
  warnings.warn(
/storage/homefs/je18n046/thesis/pasa/transformers/src/transformers/generation/configuration_utils.py:612: UserWarning: `do_sample` is set to `False`. However, `top_k` is set to `20` -- this flag is only used in sample-based generation modes. You should set `do_sample=True` or unset `top_k`.
  warnings.warn(
/storage/homefs/je18n046/thesis/pasa/transformers/src/transformers/generation/configuration_utils.py:590: UserWarning: `do_sample` is set to `False`. However, `temperature` is set to `0.7` -- this flag is only used in sample-based generation modes. You should set `do_sample=True` or unset `temperature`.
  warnings.warn(
/storage/homefs/je18n046/thesis/pasa/transformers/src/transformers/generation/configuration_utils.py:595: UserWarning: `do_sample` is set to `False`. However, `top_p` is set to `0.8` -- this flag is only used in sample-based generation modes. You should set `do_sample=True` or unset `top_p`.
  warnings.warn(
/storage/homefs/je18n046/thesis/pasa/transformers/src/transformers/generation/configuration_utils.py:612: UserWarning: `do_sample` is set to `False`. However, `top_k` is set to `20` -- this flag is only used in sample-based generation modes. You should set `do_sample=True` or unset `top_k`.
  warnings.warn(
/storage/homefs/je18n046/thesis/pasa/product_agent.py:47: ResourceWarning: unclosed file <_io.TextIOWrapper name='agent_prompt.json' mode='r' encoding='UTF-8'>
  self.prompts    = json.load(open(prompts_path))
ResourceWarning: Enable tracemalloc to get the object allocation traceback
/storage/homefs/je18n046/thesis/pasa/transformers/src/transformers/generation/configuration_utils.py:590: UserWarning: `do_sample` is set to `False`. However, `temperature` is set to `0.7` -- this flag is only used in sample-based generation modes. You should set `do_sample=True` or unset `temperature`.
  warnings.warn(
/storage/homefs/je18n046/thesis/pasa/transformers/src/transformers/generation/configuration_utils.py:595: UserWarning: `do_sample` is set to `False`. However, `top_p` is set to `0.8` -- this flag is only used in sample-based generation modes. You should set `do_sample=True` or unset `top_p`.
  warnings.warn(
/storage/homefs/je18n046/thesis/pasa/transformers/src/transformers/generation/configuration_utils.py:612: UserWarning: `do_sample` is set to `False`. However, `top_k` is set to `20` -- this flag is only used in sample-based generation modes. You should set `do_sample=True` or unset `top_k`.
  warnings.warn(
/storage/homefs/je18n046/thesis/pasa/transformers/src/transformers/generation/configuration_utils.py:590: UserWarning: `do_sample` is set to `False`. However, `temperature` is set to `0.7` -- this flag is only used in sample-based generation modes. You should set `do_sample=True` or unset `temperature`.
  warnings.warn(
/storage/homefs/je18n046/thesis/pasa/transformers/src/transformers/generation/configuration_utils.py:595: UserWarning: `do_sample` is set to `False`. However, `top_p` is set to `0.8` -- this flag is only used in sample-based generation modes. You should set `do_sample=True` or unset `top_p`.
  warnings.warn(
/storage/homefs/je18n046/thesis/pasa/transformers/src/transformers/generation/configuration_utils.py:612: UserWarning: `do_sample` is set to `False`. However, `top_k` is set to `20` -- this flag is only used in sample-based generation modes. You should set `do_sample=True` or unset `top_k`.
  warnings.warn(
/storage/homefs/je18n046/thesis/pasa/transformers/src/transformers/generation/configuration_utils.py:590: UserWarning: `do_sample` is set to `False`. However, `temperature` is set to `0.7` -- this flag is only used in sample-based generation modes. You should set `do_sample=True` or unset `temperature`.
  warnings.warn(
/storage/homefs/je18n046/thesis/pasa/transformers/src/transformers/generation/configuration_utils.py:595: UserWarning: `do_sample` is set to `False`. However, `top_p` is set to `0.8` -- this flag is only used in sample-based generation modes. You should set `do_sample=True` or unset `top_p`.
  warnings.warn(
/storage/homefs/je18n046/thesis/pasa/transformers/src/transformers/generation/configuration_utils.py:612: UserWarning: `do_sample` is set to `False`. However, `top_k` is set to `20` -- this flag is only used in sample-based generation modes. You should set `do_sample=True` or unset `top_k`.
  warnings.warn(
/storage/homefs/je18n046/thesis/pasa/product_agent.py:47: ResourceWarning: unclosed file <_io.TextIOWrapper name='agent_prompt.json' mode='r' encoding='UTF-8'>
  self.prompts    = json.load(open(prompts_path))
ResourceWarning: Enable tracemalloc to get the object allocation traceback
/storage/homefs/je18n046/thesis/pasa/transformers/src/transformers/generation/configuration_utils.py:590: UserWarning: `do_sample` is set to `False`. However, `temperature` is set to `0.7` -- this flag is only used in sample-based generation modes. You should set `do_sample=True` or unset `temperature`.
  warnings.warn(
/storage/homefs/je18n046/thesis/pasa/transformers/src/transformers/generation/configuration_utils.py:595: UserWarning: `do_sample` is set to `False`. However, `top_p` is set to `0.8` -- this flag is only used in sample-based generation modes. You should set `do_sample=True` or unset `top_p`.
  warnings.warn(
/storage/homefs/je18n046/thesis/pasa/transformers/src/transformers/generation/configuration_utils.py:612: UserWarning: `do_sample` is set to `False`. However, `top_k` is set to `20` -- this flag is only used in sample-based generation modes. You should set `do_sample=True` or unset `top_k`.
  warnings.warn(
/storage/homefs/je18n046/thesis/pasa/transformers/src/transformers/generation/configuration_utils.py:590: UserWarning: `do_sample` is set to `False`. However, `temperature` is set to `0.7` -- this flag is only used in sample-based generation modes. You should set `do_sample=True` or unset `temperature`.
  warnings.warn(
/storage/homefs/je18n046/thesis/pasa/transformers/src/transformers/generation/configuration_utils.py:595: UserWarning: `do_sample` is set to `False`. However, `top_p` is set to `0.8` -- this flag is only used in sample-based generation modes. You should set `do_sample=True` or unset `top_p`.
  warnings.warn(
/storage/homefs/je18n046/thesis/pasa/transformers/src/transformers/generation/configuration_utils.py:612: UserWarning: `do_sample` is set to `False`. However, `top_k` is set to `20` -- this flag is only used in sample-based generation modes. You should set `do_sample=True` or unset `top_k`.
  warnings.warn(
/storage/homefs/je18n046/thesis/pasa/transformers/src/transformers/generation/configuration_utils.py:590: UserWarning: `do_sample` is set to `False`. However, `temperature` is set to `0.7` -- this flag is only used in sample-based generation modes. You should set `do_sample=True` or unset `temperature`.
  warnings.warn(
/storage/homefs/je18n046/thesis/pasa/transformers/src/transformers/generation/configuration_utils.py:595: UserWarning: `do_sample` is set to `False`. However, `top_p` is set to `0.8` -- this flag is only used in sample-based generation modes. You should set `do_sample=True` or unset `top_p`.
  warnings.warn(
/storage/homefs/je18n046/thesis/pasa/transformers/src/transformers/generation/configuration_utils.py:612: UserWarning: `do_sample` is set to `False`. However, `top_k` is set to `20` -- this flag is only used in sample-based generation modes. You should set `do_sample=True` or unset `top_k`.
  warnings.warn(
/storage/homefs/je18n046/thesis/pasa/product_agent.py:47: ResourceWarning: unclosed file <_io.TextIOWrapper name='agent_prompt.json' mode='r' encoding='UTF-8'>
  self.prompts    = json.load(open(prompts_path))
ResourceWarning: Enable tracemalloc to get the object allocation traceback
/storage/homefs/je18n046/thesis/pasa/transformers/src/transformers/generation/configuration_utils.py:590: UserWarning: `do_sample` is set to `False`. However, `temperature` is set to `0.7` -- this flag is only used in sample-based generation modes. You should set `do_sample=True` or unset `temperature`.
  warnings.warn(
/storage/homefs/je18n046/thesis/pasa/transformers/src/transformers/generation/configuration_utils.py:595: UserWarning: `do_sample` is set to `False`. However, `top_p` is set to `0.8` -- this flag is only used in sample-based generation modes. You should set `do_sample=True` or unset `top_p`.
  warnings.warn(
/storage/homefs/je18n046/thesis/pasa/transformers/src/transformers/generation/configuration_utils.py:612: UserWarning: `do_sample` is set to `False`. However, `top_k` is set to `20` -- this flag is only used in sample-based generation modes. You should set `do_sample=True` or unset `top_k`.
  warnings.warn(
/storage/homefs/je18n046/thesis/pasa/transformers/src/transformers/generation/configuration_utils.py:590: UserWarning: `do_sample` is set to `False`. However, `temperature` is set to `0.7` -- this flag is only used in sample-based generation modes. You should set `do_sample=True` or unset `temperature`.
  warnings.warn(
/storage/homefs/je18n046/thesis/pasa/transformers/src/transformers/generation/configuration_utils.py:595: UserWarning: `do_sample` is set to `False`. However, `top_p` is set to `0.8` -- this flag is only used in sample-based generation modes. You should set `do_sample=True` or unset `top_p`.
  warnings.warn(
/storage/homefs/je18n046/thesis/pasa/transformers/src/transformers/generation/configuration_utils.py:612: UserWarning: `do_sample` is set to `False`. However, `top_k` is set to `20` -- this flag is only used in sample-based generation modes. You should set `do_sample=True` or unset `top_k`.
  warnings.warn(
/storage/homefs/je18n046/thesis/pasa/transformers/src/transformers/generation/configuration_utils.py:590: UserWarning: `do_sample` is set to `False`. However, `temperature` is set to `0.7` -- this flag is only used in sample-based generation modes. You should set `do_sample=True` or unset `temperature`.
  warnings.warn(
/storage/homefs/je18n046/thesis/pasa/transformers/src/transformers/generation/configuration_utils.py:595: UserWarning: `do_sample` is set to `False`. However, `top_p` is set to `0.8` -- this flag is only used in sample-based generation modes. You should set `do_sample=True` or unset `top_p`.
  warnings.warn(
/storage/homefs/je18n046/thesis/pasa/transformers/src/transformers/generation/configuration_utils.py:612: UserWarning: `do_sample` is set to `False`. However, `top_k` is set to `20` -- this flag is only used in sample-based generation modes. You should set `do_sample=True` or unset `top_k`.
  warnings.warn(
/storage/homefs/je18n046/thesis/pasa/product_agent.py:47: ResourceWarning: unclosed file <_io.TextIOWrapper name='agent_prompt.json' mode='r' encoding='UTF-8'>
  self.prompts    = json.load(open(prompts_path))
ResourceWarning: Enable tracemalloc to get the object allocation traceback
/storage/homefs/je18n046/thesis/pasa/transformers/src/transformers/generation/configuration_utils.py:590: UserWarning: `do_sample` is set to `False`. However, `temperature` is set to `0.7` -- this flag is only used in sample-based generation modes. You should set `do_sample=True` or unset `temperature`.
  warnings.warn(
/storage/homefs/je18n046/thesis/pasa/transformers/src/transformers/generation/configuration_utils.py:595: UserWarning: `do_sample` is set to `False`. However, `top_p` is set to `0.8` -- this flag is only used in sample-based generation modes. You should set `do_sample=True` or unset `top_p`.
  warnings.warn(
/storage/homefs/je18n046/thesis/pasa/transformers/src/transformers/generation/configuration_utils.py:612: UserWarning: `do_sample` is set to `False`. However, `top_k` is set to `20` -- this flag is only used in sample-based generation modes. You should set `do_sample=True` or unset `top_k`.
  warnings.warn(
/storage/homefs/je18n046/thesis/pasa/transformers/src/transformers/generation/configuration_utils.py:590: UserWarning: `do_sample` is set to `False`. However, `temperature` is set to `0.7` -- this flag is only used in sample-based generation modes. You should set `do_sample=True` or unset `temperature`.
  warnings.warn(
/storage/homefs/je18n046/thesis/pasa/transformers/src/transformers/generation/configuration_utils.py:595: UserWarning: `do_sample` is set to `False`. However, `top_p` is set to `0.8` -- this flag is only used in sample-based generation modes. You should set `do_sample=True` or unset `top_p`.
  warnings.warn(
/storage/homefs/je18n046/thesis/pasa/transformers/src/transformers/generation/configuration_utils.py:612: UserWarning: `do_sample` is set to `False`. However, `top_k` is set to `20` -- this flag is only used in sample-based generation modes. You should set `do_sample=True` or unset `top_k`.
  warnings.warn(
/storage/homefs/je18n046/thesis/pasa/product_agent.py:47: ResourceWarning: unclosed file <_io.TextIOWrapper name='agent_prompt.json' mode='r' encoding='UTF-8'>
  self.prompts    = json.load(open(prompts_path))
ResourceWarning: Enable tracemalloc to get the object allocation traceback
/storage/homefs/je18n046/thesis/pasa/transformers/src/transformers/generation/configuration_utils.py:590: UserWarning: `do_sample` is set to `False`. However, `temperature` is set to `0.7` -- this flag is only used in sample-based generation modes. You should set `do_sample=True` or unset `temperature`.
  warnings.warn(
/storage/homefs/je18n046/thesis/pasa/transformers/src/transformers/generation/configuration_utils.py:595: UserWarning: `do_sample` is set to `False`. However, `top_p` is set to `0.8` -- this flag is only used in sample-based generation modes. You should set `do_sample=True` or unset `top_p`.
  warnings.warn(
/storage/homefs/je18n046/thesis/pasa/transformers/src/transformers/generation/configuration_utils.py:612: UserWarning: `do_sample` is set to `False`. However, `top_k` is set to `20` -- this flag is only used in sample-based generation modes. You should set `do_sample=True` or unset `top_k`.
  warnings.warn(
/storage/homefs/je18n046/thesis/pasa/transformers/src/transformers/generation/configuration_utils.py:590: UserWarning: `do_sample` is set to `False`. However, `temperature` is set to `0.7` -- this flag is only used in sample-based generation modes. You should set `do_sample=True` or unset `temperature`.
  warnings.warn(
/storage/homefs/je18n046/thesis/pasa/transformers/src/transformers/generation/configuration_utils.py:595: UserWarning: `do_sample` is set to `False`. However, `top_p` is set to `0.8` -- this flag is only used in sample-based generation modes. You should set `do_sample=True` or unset `top_p`.
  warnings.warn(
/storage/homefs/je18n046/thesis/pasa/transformers/src/transformers/generation/configuration_utils.py:612: UserWarning: `do_sample` is set to `False`. However, `top_k` is set to `20` -- this flag is only used in sample-based generation modes. You should set `do_sample=True` or unset `top_k`.
  warnings.warn(
/storage/homefs/je18n046/thesis/pasa/transformers/src/transformers/generation/configuration_utils.py:590: UserWarning: `do_sample` is set to `False`. However, `temperature` is set to `0.7` -- this flag is only used in sample-based generation modes. You should set `do_sample=True` or unset `temperature`.
  warnings.warn(
/storage/homefs/je18n046/thesis/pasa/transformers/src/transformers/generation/configuration_utils.py:595: UserWarning: `do_sample` is set to `False`. However, `top_p` is set to `0.8` -- this flag is only used in sample-based generation modes. You should set `do_sample=True` or unset `top_p`.
  warnings.warn(
/storage/homefs/je18n046/thesis/pasa/transformers/src/transformers/generation/configuration_utils.py:612: UserWarning: `do_sample` is set to `False`. However, `top_k` is set to `20` -- this flag is only used in sample-based generation modes. You should set `do_sample=True` or unset `top_k`.
  warnings.warn(
/storage/homefs/je18n046/thesis/pasa/product_agent.py:47: ResourceWarning: unclosed file <_io.TextIOWrapper name='agent_prompt.json' mode='r' encoding='UTF-8'>
  self.prompts    = json.load(open(prompts_path))
ResourceWarning: Enable tracemalloc to get the object allocation traceback
/storage/homefs/je18n046/thesis/pasa/transformers/src/transformers/generation/configuration_utils.py:590: UserWarning: `do_sample` is set to `False`. However, `temperature` is set to `0.7` -- this flag is only used in sample-based generation modes. You should set `do_sample=True` or unset `temperature`.
  warnings.warn(
/storage/homefs/je18n046/thesis/pasa/transformers/src/transformers/generation/configuration_utils.py:595: UserWarning: `do_sample` is set to `False`. However, `top_p` is set to `0.8` -- this flag is only used in sample-based generation modes. You should set `do_sample=True` or unset `top_p`.
  warnings.warn(
/storage/homefs/je18n046/thesis/pasa/transformers/src/transformers/generation/configuration_utils.py:612: UserWarning: `do_sample` is set to `False`. However, `top_k` is set to `20` -- this flag is only used in sample-based generation modes. You should set `do_sample=True` or unset `top_k`.
  warnings.warn(
/storage/homefs/je18n046/thesis/pasa/transformers/src/transformers/generation/configuration_utils.py:590: UserWarning: `do_sample` is set to `False`. However, `temperature` is set to `0.7` -- this flag is only used in sample-based generation modes. You should set `do_sample=True` or unset `temperature`.
  warnings.warn(
/storage/homefs/je18n046/thesis/pasa/transformers/src/transformers/generation/configuration_utils.py:595: UserWarning: `do_sample` is set to `False`. However, `top_p` is set to `0.8` -- this flag is only used in sample-based generation modes. You should set `do_sample=True` or unset `top_p`.
  warnings.warn(
/storage/homefs/je18n046/thesis/pasa/transformers/src/transformers/generation/configuration_utils.py:612: UserWarning: `do_sample` is set to `False`. However, `top_k` is set to `20` -- this flag is only used in sample-based generation modes. You should set `do_sample=True` or unset `top_k`.
  warnings.warn(
/storage/homefs/je18n046/thesis/pasa/transformers/src/transformers/generation/configuration_utils.py:590: UserWarning: `do_sample` is set to `False`. However, `temperature` is set to `0.7` -- this flag is only used in sample-based generation modes. You should set `do_sample=True` or unset `temperature`.
  warnings.warn(
/storage/homefs/je18n046/thesis/pasa/transformers/src/transformers/generation/configuration_utils.py:595: UserWarning: `do_sample` is set to `False`. However, `top_p` is set to `0.8` -- this flag is only used in sample-based generation modes. You should set `do_sample=True` or unset `top_p`.
  warnings.warn(
/storage/homefs/je18n046/thesis/pasa/transformers/src/transformers/generation/configuration_utils.py:612: UserWarning: `do_sample` is set to `False`. However, `top_k` is set to `20` -- this flag is only used in sample-based generation modes. You should set `do_sample=True` or unset `top_k`.
  warnings.warn(
/storage/homefs/je18n046/thesis/pasa/product_agent.py:47: ResourceWarning: unclosed file <_io.TextIOWrapper name='agent_prompt.json' mode='r' encoding='UTF-8'>
  self.prompts    = json.load(open(prompts_path))
ResourceWarning: Enable tracemalloc to get the object allocation traceback
/storage/homefs/je18n046/thesis/pasa/transformers/src/transformers/generation/configuration_utils.py:590: UserWarning: `do_sample` is set to `False`. However, `temperature` is set to `0.7` -- this flag is only used in sample-based generation modes. You should set `do_sample=True` or unset `temperature`.
  warnings.warn(
/storage/homefs/je18n046/thesis/pasa/transformers/src/transformers/generation/configuration_utils.py:595: UserWarning: `do_sample` is set to `False`. However, `top_p` is set to `0.8` -- this flag is only used in sample-based generation modes. You should set `do_sample=True` or unset `top_p`.
  warnings.warn(
/storage/homefs/je18n046/thesis/pasa/transformers/src/transformers/generation/configuration_utils.py:612: UserWarning: `do_sample` is set to `False`. However, `top_k` is set to `20` -- this flag is only used in sample-based generation modes. You should set `do_sample=True` or unset `top_k`.
  warnings.warn(
/storage/homefs/je18n046/thesis/pasa/transformers/src/transformers/generation/configuration_utils.py:590: UserWarning: `do_sample` is set to `False`. However, `temperature` is set to `0.7` -- this flag is only used in sample-based generation modes. You should set `do_sample=True` or unset `temperature`.
  warnings.warn(
/storage/homefs/je18n046/thesis/pasa/transformers/src/transformers/generation/configuration_utils.py:595: UserWarning: `do_sample` is set to `False`. However, `top_p` is set to `0.8` -- this flag is only used in sample-based generation modes. You should set `do_sample=True` or unset `top_p`.
  warnings.warn(
/storage/homefs/je18n046/thesis/pasa/transformers/src/transformers/generation/configuration_utils.py:612: UserWarning: `do_sample` is set to `False`. However, `top_k` is set to `20` -- this flag is only used in sample-based generation modes. You should set `do_sample=True` or unset `top_k`.
  warnings.warn(
/storage/homefs/je18n046/thesis/pasa/transformers/src/transformers/generation/configuration_utils.py:590: UserWarning: `do_sample` is set to `False`. However, `temperature` is set to `0.7` -- this flag is only used in sample-based generation modes. You should set `do_sample=True` or unset `temperature`.
  warnings.warn(
/storage/homefs/je18n046/thesis/pasa/transformers/src/transformers/generation/configuration_utils.py:595: UserWarning: `do_sample` is set to `False`. However, `top_p` is set to `0.8` -- this flag is only used in sample-based generation modes. You should set `do_sample=True` or unset `top_p`.
  warnings.warn(
/storage/homefs/je18n046/thesis/pasa/transformers/src/transformers/generation/configuration_utils.py:612: UserWarning: `do_sample` is set to `False`. However, `top_k` is set to `20` -- this flag is only used in sample-based generation modes. You should set `do_sample=True` or unset `top_k`.
  warnings.warn(
/storage/homefs/je18n046/thesis/pasa/product_agent.py:47: ResourceWarning: unclosed file <_io.TextIOWrapper name='agent_prompt.json' mode='r' encoding='UTF-8'>
  self.prompts    = json.load(open(prompts_path))
ResourceWarning: Enable tracemalloc to get the object allocation traceback
/storage/homefs/je18n046/thesis/pasa/transformers/src/transformers/generation/configuration_utils.py:590: UserWarning: `do_sample` is set to `False`. However, `temperature` is set to `0.7` -- this flag is only used in sample-based generation modes. You should set `do_sample=True` or unset `temperature`.
  warnings.warn(
/storage/homefs/je18n046/thesis/pasa/transformers/src/transformers/generation/configuration_utils.py:595: UserWarning: `do_sample` is set to `False`. However, `top_p` is set to `0.8` -- this flag is only used in sample-based generation modes. You should set `do_sample=True` or unset `top_p`.
  warnings.warn(
/storage/homefs/je18n046/thesis/pasa/transformers/src/transformers/generation/configuration_utils.py:612: UserWarning: `do_sample` is set to `False`. However, `top_k` is set to `20` -- this flag is only used in sample-based generation modes. You should set `do_sample=True` or unset `top_k`.
  warnings.warn(
/storage/homefs/je18n046/thesis/pasa/transformers/src/transformers/generation/configuration_utils.py:590: UserWarning: `do_sample` is set to `False`. However, `temperature` is set to `0.7` -- this flag is only used in sample-based generation modes. You should set `do_sample=True` or unset `temperature`.
  warnings.warn(
/storage/homefs/je18n046/thesis/pasa/transformers/src/transformers/generation/configuration_utils.py:595: UserWarning: `do_sample` is set to `False`. However, `top_p` is set to `0.8` -- this flag is only used in sample-based generation modes. You should set `do_sample=True` or unset `top_p`.
  warnings.warn(
/storage/homefs/je18n046/thesis/pasa/transformers/src/transformers/generation/configuration_utils.py:612: UserWarning: `do_sample` is set to `False`. However, `top_k` is set to `20` -- this flag is only used in sample-based generation modes. You should set `do_sample=True` or unset `top_k`.
  warnings.warn(
/storage/homefs/je18n046/thesis/pasa/transformers/src/transformers/generation/configuration_utils.py:590: UserWarning: `do_sample` is set to `False`. However, `temperature` is set to `0.7` -- this flag is only used in sample-based generation modes. You should set `do_sample=True` or unset `temperature`.
  warnings.warn(
/storage/homefs/je18n046/thesis/pasa/transformers/src/transformers/generation/configuration_utils.py:595: UserWarning: `do_sample` is set to `False`. However, `top_p` is set to `0.8` -- this flag is only used in sample-based generation modes. You should set `do_sample=True` or unset `top_p`.
  warnings.warn(
/storage/homefs/je18n046/thesis/pasa/transformers/src/transformers/generation/configuration_utils.py:612: UserWarning: `do_sample` is set to `False`. However, `top_k` is set to `20` -- this flag is only used in sample-based generation modes. You should set `do_sample=True` or unset `top_k`.
  warnings.warn(
/storage/homefs/je18n046/thesis/pasa/product_agent.py:47: ResourceWarning: unclosed file <_io.TextIOWrapper name='agent_prompt.json' mode='r' encoding='UTF-8'>
  self.prompts    = json.load(open(prompts_path))
ResourceWarning: Enable tracemalloc to get the object allocation traceback
/storage/homefs/je18n046/thesis/pasa/transformers/src/transformers/generation/configuration_utils.py:590: UserWarning: `do_sample` is set to `False`. However, `temperature` is set to `0.7` -- this flag is only used in sample-based generation modes. You should set `do_sample=True` or unset `temperature`.
  warnings.warn(
/storage/homefs/je18n046/thesis/pasa/transformers/src/transformers/generation/configuration_utils.py:595: UserWarning: `do_sample` is set to `False`. However, `top_p` is set to `0.8` -- this flag is only used in sample-based generation modes. You should set `do_sample=True` or unset `top_p`.
  warnings.warn(
/storage/homefs/je18n046/thesis/pasa/transformers/src/transformers/generation/configuration_utils.py:612: UserWarning: `do_sample` is set to `False`. However, `top_k` is set to `20` -- this flag is only used in sample-based generation modes. You should set `do_sample=True` or unset `top_k`.
  warnings.warn(
/storage/homefs/je18n046/thesis/pasa/transformers/src/transformers/generation/configuration_utils.py:590: UserWarning: `do_sample` is set to `False`. However, `temperature` is set to `0.7` -- this flag is only used in sample-based generation modes. You should set `do_sample=True` or unset `temperature`.
  warnings.warn(
/storage/homefs/je18n046/thesis/pasa/transformers/src/transformers/generation/configuration_utils.py:595: UserWarning: `do_sample` is set to `False`. However, `top_p` is set to `0.8` -- this flag is only used in sample-based generation modes. You should set `do_sample=True` or unset `top_p`.
  warnings.warn(
/storage/homefs/je18n046/thesis/pasa/transformers/src/transformers/generation/configuration_utils.py:612: UserWarning: `do_sample` is set to `False`. However, `top_k` is set to `20` -- this flag is only used in sample-based generation modes. You should set `do_sample=True` or unset `top_k`.
  warnings.warn(
/storage/homefs/je18n046/thesis/pasa/transformers/src/transformers/generation/configuration_utils.py:590: UserWarning: `do_sample` is set to `False`. However, `temperature` is set to `0.7` -- this flag is only used in sample-based generation modes. You should set `do_sample=True` or unset `temperature`.
  warnings.warn(
/storage/homefs/je18n046/thesis/pasa/transformers/src/transformers/generation/configuration_utils.py:595: UserWarning: `do_sample` is set to `False`. However, `top_p` is set to `0.8` -- this flag is only used in sample-based generation modes. You should set `do_sample=True` or unset `top_p`.
  warnings.warn(
/storage/homefs/je18n046/thesis/pasa/transformers/src/transformers/generation/configuration_utils.py:612: UserWarning: `do_sample` is set to `False`. However, `top_k` is set to `20` -- this flag is only used in sample-based generation modes. You should set `do_sample=True` or unset `top_k`.
  warnings.warn(
/storage/homefs/je18n046/thesis/pasa/product_agent.py:47: ResourceWarning: unclosed file <_io.TextIOWrapper name='agent_prompt.json' mode='r' encoding='UTF-8'>
  self.prompts    = json.load(open(prompts_path))
ResourceWarning: Enable tracemalloc to get the object allocation traceback
/storage/homefs/je18n046/thesis/pasa/transformers/src/transformers/generation/configuration_utils.py:590: UserWarning: `do_sample` is set to `False`. However, `temperature` is set to `0.7` -- this flag is only used in sample-based generation modes. You should set `do_sample=True` or unset `temperature`.
  warnings.warn(
/storage/homefs/je18n046/thesis/pasa/transformers/src/transformers/generation/configuration_utils.py:595: UserWarning: `do_sample` is set to `False`. However, `top_p` is set to `0.8` -- this flag is only used in sample-based generation modes. You should set `do_sample=True` or unset `top_p`.
  warnings.warn(
/storage/homefs/je18n046/thesis/pasa/transformers/src/transformers/generation/configuration_utils.py:612: UserWarning: `do_sample` is set to `False`. However, `top_k` is set to `20` -- this flag is only used in sample-based generation modes. You should set `do_sample=True` or unset `top_k`.
  warnings.warn(
/storage/homefs/je18n046/thesis/pasa/transformers/src/transformers/generation/configuration_utils.py:590: UserWarning: `do_sample` is set to `False`. However, `temperature` is set to `0.7` -- this flag is only used in sample-based generation modes. You should set `do_sample=True` or unset `temperature`.
  warnings.warn(
/storage/homefs/je18n046/thesis/pasa/transformers/src/transformers/generation/configuration_utils.py:595: UserWarning: `do_sample` is set to `False`. However, `top_p` is set to `0.8` -- this flag is only used in sample-based generation modes. You should set `do_sample=True` or unset `top_p`.
  warnings.warn(
/storage/homefs/je18n046/thesis/pasa/transformers/src/transformers/generation/configuration_utils.py:612: UserWarning: `do_sample` is set to `False`. However, `top_k` is set to `20` -- this flag is only used in sample-based generation modes. You should set `do_sample=True` or unset `top_k`.
  warnings.warn(
/storage/homefs/je18n046/thesis/pasa/transformers/src/transformers/generation/configuration_utils.py:590: UserWarning: `do_sample` is set to `False`. However, `temperature` is set to `0.7` -- this flag is only used in sample-based generation modes. You should set `do_sample=True` or unset `temperature`.
  warnings.warn(
/storage/homefs/je18n046/thesis/pasa/transformers/src/transformers/generation/configuration_utils.py:595: UserWarning: `do_sample` is set to `False`. However, `top_p` is set to `0.8` -- this flag is only used in sample-based generation modes. You should set `do_sample=True` or unset `top_p`.
  warnings.warn(
/storage/homefs/je18n046/thesis/pasa/transformers/src/transformers/generation/configuration_utils.py:612: UserWarning: `do_sample` is set to `False`. However, `top_k` is set to `20` -- this flag is only used in sample-based generation modes. You should set `do_sample=True` or unset `top_k`.
  warnings.warn(
/storage/homefs/je18n046/.conda/envs/msgai-project/lib/python3.10/tempfile.py:869: ResourceWarning: Implicitly cleaning up <TemporaryDirectory '/scratch/local/26537600/tmpktorlfcw'>
  _warnings.warn(warn_message, ResourceWarning)
